Determining if the pthread_create exist failed with the following output:
Change Dir: /home/selflearning/opensource/AD-MultiTask/build_nv_x86/CMakeFiles/CMakeTmp

Run Build Command(s):/usr/bin/make cmTC_54530/fast 
/usr/bin/make -f CMakeFiles/cmTC_54530.dir/build.make CMakeFiles/cmTC_54530.dir/build
make[1]: Entering directory '/home/selflearning/opensource/AD-MultiTask/build_nv_x86/CMakeFiles/CMakeTmp'
Building C object CMakeFiles/cmTC_54530.dir/CheckSymbolExists.c.o
/usr/bin/cc   -fPIC    -o CMakeFiles/cmTC_54530.dir/CheckSymbolExists.c.o   -c /home/selflearning/opensource/AD-MultiTask/build_nv_x86/CMakeFiles/CMakeTmp/CheckSymbolExists.c
Linking C executable cmTC_54530
/usr/local/bin/cmake -E cmake_link_script CMakeFiles/cmTC_54530.dir/link.txt --verbose=1
/usr/bin/cc -fPIC     CMakeFiles/cmTC_54530.dir/CheckSymbolExists.c.o  -o cmTC_54530 
CMakeFiles/cmTC_54530.dir/CheckSymbolExists.c.o: In function `main':
CheckSymbolExists.c:(.text+0x1b): undefined reference to `pthread_create'
collect2: error: ld returned 1 exit status
CMakeFiles/cmTC_54530.dir/build.make:86: recipe for target 'cmTC_54530' failed
make[1]: *** [cmTC_54530] Error 1
make[1]: Leaving directory '/home/selflearning/opensource/AD-MultiTask/build_nv_x86/CMakeFiles/CMakeTmp'
Makefile:121: recipe for target 'cmTC_54530/fast' failed
make: *** [cmTC_54530/fast] Error 2

File /home/selflearning/opensource/AD-MultiTask/build_nv_x86/CMakeFiles/CMakeTmp/CheckSymbolExists.c:
/* */
#include <pthread.h>

int main(int argc, char** argv)
{
  (void)argv;
#ifndef pthread_create
  return ((int*)(&pthread_create))[argc];
#else
  (void)argc;
  return 0;
#endif
}

Determining if the function pthread_create exists in the pthreads failed with the following output:
Change Dir: /home/selflearning/opensource/AD-MultiTask/build_nv_x86/CMakeFiles/CMakeTmp

Run Build Command(s):/usr/bin/make cmTC_4eadf/fast 
/usr/bin/make -f CMakeFiles/cmTC_4eadf.dir/build.make CMakeFiles/cmTC_4eadf.dir/build
make[1]: Entering directory '/home/selflearning/opensource/AD-MultiTask/build_nv_x86/CMakeFiles/CMakeTmp'
Building C object CMakeFiles/cmTC_4eadf.dir/CheckFunctionExists.c.o
/usr/bin/cc   -fPIC -DCHECK_FUNCTION_EXISTS=pthread_create   -o CMakeFiles/cmTC_4eadf.dir/CheckFunctionExists.c.o   -c /usr/local/share/cmake-3.14/Modules/CheckFunctionExists.c
Linking C executable cmTC_4eadf
/usr/local/bin/cmake -E cmake_link_script CMakeFiles/cmTC_4eadf.dir/link.txt --verbose=1
/usr/bin/cc -fPIC -DCHECK_FUNCTION_EXISTS=pthread_create    CMakeFiles/cmTC_4eadf.dir/CheckFunctionExists.c.o  -o cmTC_4eadf -lpthreads 
/usr/bin/ld: cannot find -lpthreads
collect2: error: ld returned 1 exit status
CMakeFiles/cmTC_4eadf.dir/build.make:86: recipe for target 'cmTC_4eadf' failed
make[1]: *** [cmTC_4eadf] Error 1
make[1]: Leaving directory '/home/selflearning/opensource/AD-MultiTask/build_nv_x86/CMakeFiles/CMakeTmp'
Makefile:121: recipe for target 'cmTC_4eadf/fast' failed
make: *** [cmTC_4eadf/fast] Error 2


